<html>
<body>
<pre>
<h1>µVision Build Log</h1>
<h2>Project:</h2>
C:\Users\Aaron\Documents\Spring 2015\EE 319K\SVN\students\anl2357_az5385\Lab10\SpaceInvaders.uvproj
Project File Date:  04/30/2015

<h2>Output:</h2>
Rebuild target 'Pac-Man'
assembling startup.s...
assembling random.s...
compiling TExaS.c...
compiling DAC.c...
compiling ADC.c...
compiling Timer0.c...
compiling Timer1.c...
compiling Sound.c...
assembling LCD.s...
assembling Print.s...
compiling SpaceInvaders.c...
compiling ST7735.c...
compiling Board.c...
compiling Ghost.c...
compiling Pacman.c...
compiling FSM.c...
compiling Graphics.c...
compiling Switches.c...
compiling Sprite.c...
compiling UART.c...
compiling TestHarness.c...
compiling TestPacman.c...
compiling TestGhost.c...
TestGhost.c(6): warning:  #177-D: variable "myPos" was declared but never referenced
        boardPos_t myPos = center;
TestGhost.c(22): warning:  #177-D: variable "myPos" was declared but never referenced
        boardPos_t myPos = center;
TestGhost.c: 2 warnings, 0 errors
compiling TestBoard.c...
compiling TestFSM.c...
compiling TestSprite.c...
compiling TestInput.c...
compiling TestGraphics.c...
linking...
Program Size: Code=8504 RO-data=276 RW-data=148 ZI-data=3772  
".\SpaceInvaders.axf" - 0 Error(s), 2 Warning(s).
 1 Error(s), 2 Warning(s).
Target not created
EMPTY};
TestGhost.c: 2 warnings, 3 errors
compiling TestBoard.c...
compiling TestFSM.c...
compiling TestSprite.c...
compiling TestInput.c...
compiling TestGraphics.c...
".\SpaceInvaders.axf" - 3 Error(s), 2 Warning(s).
Target not created
